// Jest Snapshot v1, https://goo.gl/fbAQLP

exports[`Select component test Should match the snapshot 1`] = `"<div class=\\"sc-gtsrHT sc-dlnjwi fAOKgM cZXYwK\\"><input placeholder=\\"Select data\\" value=\\"\\" readonly=\\"\\" class=\\"sc-bdnxRM dcrmCf\\"/><img src=\\"[object Object]\\" alt=\\"icon-arrow\\"/><div class=\\"sc-hKFxyN hnSJtu\\"><div><div class=\\"sc-bdnxRM dcrmCf sc-eCApnc bQcmnQ\\">Kazan</div><div class=\\"sc-bdnxRM dcrmCf sc-eCApnc bQcmnQ\\">Krasnodar</div><div class=\\"sc-bdnxRM dcrmCf sc-eCApnc bQcmnQ\\">Samara</div><div class=\\"sc-bdnxRM dcrmCf sc-eCApnc bQcmnQ\\">Saratov</div><div class=\\"sc-bdnxRM dcrmCf sc-eCApnc bQcmnQ\\">Tolyatti</div></div></div></div>"`;
